// Jest Snapshot v1, https://goo.gl/fbAQLP

exports[`Home matches homepage snapshot 1`] = `
<div>
  <div
    class="flex h-screen"
    style="background-image: url(/img.jpg); background-position: center; background-size: cover;"
  >
    <div
      class="w-screen h-screen flex flex-col justify-center items-center"
    >
      <div
        class="text-center max-w-screen-sm mb-10"
      >
        <h1
          class="text-stone-100 font-bold text-8xl"
        >
          SpaceX
        </h1>
        <p
          class="text-stone-100 mt-5 font-bold text-2xl"
        >
          Get all sorts of information about previous Space X launches!
        </p>
      </div>
      <div
        class="flex space-x-3"
      >
        <a
          class="text-stone-100 hover:text-stone-300 transition-all text-2xl"
          href="/protected"
        >
          Members
        </a>
      </div>
    </div>
  </div>
</div>
`;
